============================= test session starts =============================
platform win32 -- Python 3.12.10, pytest-9.1.1, pluggy-1.6.0 -- C:\Users\amdin\antigravity\iett-project\.venv\Scripts\python.exe
cachedir: .pytest_cache
rootdir: C:\Users\amdin\antigravity\iett-project\iett-middle
configfile: pytest.ini
plugins: anyio-4.12.1, asyncio-1.4.0, cov-7.0.0
asyncio: mode=Mode.AUTO, debug=False, asyncio_default_fixture_loop_scope=None, asyncio_default_test_loop_scope=function
collecting ... collected 0 items / 1 error

=================================== ERRORS ====================================
____________________ ERROR collecting tests/test_client.py ____________________
..\.venv\Lib\site-packages\_pytest\python.py:508: in importtestmodule
    mod = import_path(
..\.venv\Lib\site-packages\_pytest\pathlib.py:596: in import_path
    importlib.import_module(module_name)
..\..\..\AppData\Local\Programs\Python\Python312\Lib\importlib\__init__.py:90: in import_module
    return _bootstrap._gcd_import(name[level:], package, level)
           ^^^^^^^^^^^^^^^^^^^^^^^^^^^^^^^^^^^^^^^^^^^^^^^^^^^^
<frozen importlib._bootstrap>:1387: in _gcd_import
    ???
<frozen importlib._bootstrap>:1360: in _find_and_load
    ???
<frozen importlib._bootstrap>:1331: in _find_and_load_unlocked
    ???
<frozen importlib._bootstrap>:935: in _load_unlocked
    ???
..\.venv\Lib\site-packages\_pytest\assertion\rewrite.py:188: in exec_module
    exec(co, module.__dict__)
tests\test_client.py:21: in <module>
    from app.services.iett_client import IettApiError, IettClient
E     File "C:\Users\amdin\antigravity\iett-project\iett-middle\app\services\iett_client.py", line 201
E       async def search_stops(self, query: str) -> list[StopSearchResult]:
E   IndentationError: unexpected indent
=========================== short test summary info ===========================
ERROR tests/test_client.py
============================== 1 error in 0.66s ===============================
